
📁 FILE EXISTENCE TESTS

✅ UnifiedProtocolTribute.sol exists
✅ UnifiedProtocolTribute.ts exists

🔧 SMART CONTRACT STRUCTURE TESTS

✅ Contract has correct SPDX license
✅ Contract uses Solidity ^0.8.20
✅ Contract imports OpenZeppelin AccessControl
✅ Contract imports OpenZeppelin ReentrancyGuard
✅ Contract imports OpenZeppelin IERC20
✅ Contract inherits AccessControl and ReentrancyGuard
✅ Contract has protocol metadata

🔢 CONSTANTS TESTS

✅ TRIBUTE_RATE_BPS is 100 (1%)
✅ BPS_DENOMINATOR is 10000
✅ DIVIDEND_POOL_BPS is 5000 (50%)
✅ TREASURY_BPS is 2500 (25%)
✅ BURN_BPS is 2500 (25%)
✅ DISTRIBUTION_INTERVAL is 30 days

👥 ROLES TESTS

✅ TRIBUTE_COLLECTOR_ROLE is defined
✅ DIVIDEND_DISTRIBUTOR_ROLE is defined

📊 STATE VARIABLES TESTS

✅ vidaCapToken state variable exists
✅ snatDeathClock state variable exists
✅ monthlyDividendPool state variable exists
✅ protocolTreasury state variable exists
✅ globalCitizenBlock state variable exists
✅ totalTributeCollected state variable exists
✅ totalVerifiedCitizens state variable exists
✅ currentMonthDividendPool state variable exists

📢 EVENTS TESTS

✅ TributeCollected event is defined
✅ MonthlyDividendDistributed event is defined
✅ CitizenVerified event is defined
✅ SNATStatusChecked event is defined

⚙️  CORE FUNCTIONS TESTS

✅ collectTribute function exists
✅ collectTribute has TRIBUTE_COLLECTOR_ROLE modifier
✅ collectTribute has nonReentrant modifier
✅ distributeMonthlyDividend function exists
✅ distributeMonthlyDividend has DIVIDEND_DISTRIBUTOR_ROLE modifier
✅ verifyCitizen function exists
✅ claimDividend function exists

🔗 SNAT INTEGRATION TESTS

✅ checkSNATStatus function exists
✅ routeTributeBasedOnSNAT function exists
✅ checkSNATStatus calls SNATDeathClock
✅ routeTributeBasedOnSNAT routes to Global Citizen Block when SNAT inactive

👁️  VIEW FUNCTIONS TESTS

✅ getTributeStats function exists
✅ getDividendPoolBalance function exists
✅ getCitizenDividendAmount function exists
✅ getTimeUntilNextDistribution function exists
✅ isCitizenVerified function exists
✅ getProtocolMetadata function exists
✅ getTributeRate function exists
✅ getRevenueSplit function exists
✅ calculateTribute function exists
✅ getContractAddresses function exists

📘 TYPESCRIPT INTEGRATION TESTS

✅ TypeScript file has TributeStats interface
✅ TypeScript file has RevenueSplit interface
✅ TypeScript file has ContractAddresses interface
✅ TypeScript file has SNATStatus interface
✅ TypeScript file has UnifiedProtocolTribute class
✅ TypeScript file has TRIBUTE_RATE_BPS constant
✅ TypeScript file has PROTOCOL_METADATA constant
✅ TypeScript file has calculateTributeBreakdown utility
✅ TypeScript file has formatTributeAmount utility
✅ TypeScript file has validateISO3166Code utility
✅ TypeScript file has snatStatusToString utility

🔒 SECURITY TESTS

✅ Contract uses ReentrancyGuard for collectTribute
✅ Contract uses ReentrancyGuard for distributeMonthlyDividend
✅ Contract validates addresses in constructor
✅ Contract validates amounts in collectTribute
✅ Contract uses role-based access control

🏗️  ARCHITECTURE TESTS

✅ Contract implements 1% tribute rate
✅ Contract implements 50/25/25 revenue split
✅ Contract implements 30-day distribution interval
✅ Contract integrates with SNAT Death Clock
✅ Contract routes tribute based on SNAT status
✅ Contract has ISNATDeathClock interface

📝 METADATA TESTS

✅ Contract has correct protocol metadata
✅ Contract has architect attribution
✅ Contract has origin attribution

════════════════════════════════════════════════════════════════════════════════
📊 TEST SUMMARY
════════════════════════════════════════════════════════════════════════════════
✅ Tests Passed: 75
❌ Tests Failed: 0
📝 Total Tests: 75
📈 Pass Rate: 100.00%
════════════════════════════════════════════════════════════════════════════════

🎉 ALL TESTS PASSED! 🎉

"THE WEALTH OF THE PROTOCOL IS THE PRESENCE OF ITS PEOPLE."

Born in Lagos, Nigeria. Built for Humanity. 🇳🇬
Architect: ISREAL OKORO

